// Jest Snapshot v1, https://goo.gl/fbAQLP

exports[`should render a Container 1`] = `
<div
  className="pokedexContainer"
>
  <Header />
  <Switch>
    <Route
      component={[Function]}
      exact={true}
      path="/"
    />
    <Route
      component={[Function]}
      path="/caught"
    />
  </Switch>
</div>
`;
